  Determining projects to restore...
  All projects are up-to-date for restore.
  TeslaSolarCharger.SharedModel -> /app/TeslaSolarCharger.SharedModel/bin/Debug/net10.0/TeslaSolarCharger.SharedModel.dll
  PkSoftwareService.Custom.Backend -> /app/PkSoftwareService.Custom.Backend/bin/Debug/net10.0/PkSoftwareService.Custom.Backend.dll
  TeslaSolarCharger.SharedBackend -> /app/TeslaSolarCharger.SharedBackend/bin/Debug/net10.0/TeslaSolarCharger.SharedBackend.dll
  TeslaSolarCharger.Shared -> /app/TeslaSolarCharger/Shared/bin/Debug/net10.0/TeslaSolarCharger.Shared.dll
  TeslaSolarCharger.Model -> /app/TeslaSolarCharger.Model/bin/Debug/net10.0/TeslaSolarCharger.Model.dll
  Plugins.SolarEdge -> /app/Plugins.SolarEdge/bin/Debug/net10.0/Plugins.SolarEdge.dll
  TeslaSolarCharger.Client -> /app/TeslaSolarCharger/Client/bin/Debug/net10.0/TeslaSolarCharger.Client.dll
  TeslaSolarCharger.Client (Blazor output) -> /app/TeslaSolarCharger/Client/bin/Debug/net10.0/wwwroot
  TeslaSolarCharger.Server -> /app/TeslaSolarCharger/Server/bin/Debug/net10.0/TeslaSolarCharger.Server.dll
/app/TeslaSolarCharger.Tests/Helper/NodePatternTypeHelper.cs(23,56): error CS0234: The type or namespace name 'Helper' does not exist in the namespace 'TeslaSolarCharger.Tests.Shared' (are you missing an assembly reference?) [/app/TeslaSolarCharger.Tests/TeslaSolarCharger.Tests.csproj]
/app/TeslaSolarCharger.Tests/Helper/NodePatternTypeHelper.cs(35,56): error CS0234: The type or namespace name 'Helper' does not exist in the namespace 'TeslaSolarCharger.Tests.Shared' (are you missing an assembly reference?) [/app/TeslaSolarCharger.Tests/TeslaSolarCharger.Tests.csproj]
/app/TeslaSolarCharger.Tests/Helper/NodePatternTypeHelper.cs(47,56): error CS0234: The type or namespace name 'Helper' does not exist in the namespace 'TeslaSolarCharger.Tests.Shared' (are you missing an assembly reference?) [/app/TeslaSolarCharger.Tests/TeslaSolarCharger.Tests.csproj]
/app/TeslaSolarCharger.Tests/Wrappers/ConfigurationWrapper.cs(20,55): error CS0234: The type or namespace name 'Wrappers' does not exist in the namespace 'TeslaSolarCharger.Tests.Shared' (are you missing an assembly reference?) [/app/TeslaSolarCharger.Tests/TeslaSolarCharger.Tests.csproj]
/app/TeslaSolarCharger.Tests/Wrappers/ConfigurationWrapper.cs(34,55): error CS0234: The type or namespace name 'Wrappers' does not exist in the namespace 'TeslaSolarCharger.Tests.Shared' (are you missing an assembly reference?) [/app/TeslaSolarCharger.Tests/TeslaSolarCharger.Tests.csproj]
/app/TeslaSolarCharger.Tests/Wrappers/ConfigurationWrapper.cs(35,9): error CS0619: 'Assert.Throws<T>(Func<Task>)' is obsolete: 'You must call Assert.ThrowsAsync<T> (and await the result) when testing async code.' [/app/TeslaSolarCharger.Tests/TeslaSolarCharger.Tests.csproj]
/app/TeslaSolarCharger.Tests/Wrappers/ConfigurationWrapper.cs(44,55): error CS0234: The type or namespace name 'Wrappers' does not exist in the namespace 'TeslaSolarCharger.Tests.Shared' (are you missing an assembly reference?) [/app/TeslaSolarCharger.Tests/TeslaSolarCharger.Tests.csproj]
/app/TeslaSolarCharger.Tests/Wrappers/ConfigurationWrapper.cs(57,55): error CS0234: The type or namespace name 'Wrappers' does not exist in the namespace 'TeslaSolarCharger.Tests.Shared' (are you missing an assembly reference?) [/app/TeslaSolarCharger.Tests/TeslaSolarCharger.Tests.csproj]
/app/TeslaSolarCharger.Tests/Wrappers/ConfigurationWrapper.cs(87,55): error CS0234: The type or namespace name 'Wrappers' does not exist in the namespace 'TeslaSolarCharger.Tests.Shared' (are you missing an assembly reference?) [/app/TeslaSolarCharger.Tests/TeslaSolarCharger.Tests.csproj]
/app/TeslaSolarCharger.Tests/Wrappers/ConfigurationWrapper.cs(114,55): error CS0234: The type or namespace name 'Wrappers' does not exist in the namespace 'TeslaSolarCharger.Tests.Shared' (are you missing an assembly reference?) [/app/TeslaSolarCharger.Tests/TeslaSolarCharger.Tests.csproj]
/app/TeslaSolarCharger.Tests/Wrappers/ConfigurationWrapper.cs(123,55): error CS0234: The type or namespace name 'Wrappers' does not exist in the namespace 'TeslaSolarCharger.Tests.Shared' (are you missing an assembly reference?) [/app/TeslaSolarCharger.Tests/TeslaSolarCharger.Tests.csproj]
/app/TeslaSolarCharger.Tests/Wrappers/ConfigurationWrapper.cs(132,55): error CS0234: The type or namespace name 'Wrappers' does not exist in the namespace 'TeslaSolarCharger.Tests.Shared' (are you missing an assembly reference?) [/app/TeslaSolarCharger.Tests/TeslaSolarCharger.Tests.csproj]
/app/TeslaSolarCharger.Tests/Wrappers/ConfigurationWrapper.cs(145,55): error CS0234: The type or namespace name 'Wrappers' does not exist in the namespace 'TeslaSolarCharger.Tests.Shared' (are you missing an assembly reference?) [/app/TeslaSolarCharger.Tests/TeslaSolarCharger.Tests.csproj]
/app/TeslaSolarCharger.Tests/Wrappers/ConfigurationWrapper.cs(160,55): error CS0234: The type or namespace name 'Wrappers' does not exist in the namespace 'TeslaSolarCharger.Tests.Shared' (are you missing an assembly reference?) [/app/TeslaSolarCharger.Tests/TeslaSolarCharger.Tests.csproj]
/app/TeslaSolarCharger.Tests/Wrappers/ConfigurationWrapper.cs(175,55): error CS0234: The type or namespace name 'Wrappers' does not exist in the namespace 'TeslaSolarCharger.Tests.Shared' (are you missing an assembly reference?) [/app/TeslaSolarCharger.Tests/TeslaSolarCharger.Tests.csproj]
/app/TeslaSolarCharger.Tests/Wrappers/ConfigurationWrapper.cs(190,55): error CS0234: The type or namespace name 'Wrappers' does not exist in the namespace 'TeslaSolarCharger.Tests.Shared' (are you missing an assembly reference?) [/app/TeslaSolarCharger.Tests/TeslaSolarCharger.Tests.csproj]
/app/TeslaSolarCharger.Tests/Wrappers/ConfigurationWrapper.cs(206,55): error CS0234: The type or namespace name 'Wrappers' does not exist in the namespace 'TeslaSolarCharger.Tests.Shared' (are you missing an assembly reference?) [/app/TeslaSolarCharger.Tests/TeslaSolarCharger.Tests.csproj]
/app/TeslaSolarCharger.Tests/Wrappers/ConfigurationWrapper.cs(222,55): error CS0234: The type or namespace name 'Wrappers' does not exist in the namespace 'TeslaSolarCharger.Tests.Shared' (are you missing an assembly reference?) [/app/TeslaSolarCharger.Tests/TeslaSolarCharger.Tests.csproj]
/app/TeslaSolarCharger.Tests/Wrappers/ConfigurationWrapper.cs(238,55): error CS0234: The type or namespace name 'Wrappers' does not exist in the namespace 'TeslaSolarCharger.Tests.Shared' (are you missing an assembly reference?) [/app/TeslaSolarCharger.Tests/TeslaSolarCharger.Tests.csproj]
/app/TeslaSolarCharger.Tests/Wrappers/ConfigurationWrapper.cs(253,55): error CS0234: The type or namespace name 'Wrappers' does not exist in the namespace 'TeslaSolarCharger.Tests.Shared' (are you missing an assembly reference?) [/app/TeslaSolarCharger.Tests/TeslaSolarCharger.Tests.csproj]
/app/TeslaSolarCharger.Tests/Wrappers/ConfigurationWrapper.cs(268,55): error CS0234: The type or namespace name 'Wrappers' does not exist in the namespace 'TeslaSolarCharger.Tests.Shared' (are you missing an assembly reference?) [/app/TeslaSolarCharger.Tests/TeslaSolarCharger.Tests.csproj]
/app/TeslaSolarCharger.Tests/Services/Server/MeterValueLogService.cs(112,115): warning CS8629: Nullable value type may be null. [/app/TeslaSolarCharger.Tests/TeslaSolarCharger.Tests.csproj]
/app/TeslaSolarCharger.Tests/Services/Server/ChargingServiceV2/SetChargingPowerOfOccpConnectorForCarManagedLoadpointTests.cs(138,13): warning CS8625: Cannot convert null literal to non-nullable reference type. [/app/TeslaSolarCharger.Tests/TeslaSolarCharger.Tests.csproj]
/app/TeslaSolarCharger.Tests/Services/Server/ChargingServiceV2/SetChargingPowerOfOccpConnectorForCarManagedLoadpointTests.cs(139,13): warning CS8625: Cannot convert null literal to non-nullable reference type. [/app/TeslaSolarCharger.Tests/TeslaSolarCharger.Tests.csproj]
/app/TeslaSolarCharger.Tests/Services/Server/ChargingServiceV2/SetChargingPowerOfOccpConnectorForCarManagedLoadpointTests.cs(154,13): warning CS8625: Cannot convert null literal to non-nullable reference type. [/app/TeslaSolarCharger.Tests/TeslaSolarCharger.Tests.csproj]
/app/TeslaSolarCharger.Tests/Services/Server/ChargingServiceV2/SetChargingPowerOfOccpConnectorForCarManagedLoadpointTests.cs(155,13): warning CS8625: Cannot convert null literal to non-nullable reference type. [/app/TeslaSolarCharger.Tests/TeslaSolarCharger.Tests.csproj]
/app/TeslaSolarCharger.Tests/Services/Server/ChargingServiceV2/SetChargingPowerOfOccpConnectorForCarManagedLoadpointTests.cs(170,13): warning CS8625: Cannot convert null literal to non-nullable reference type. [/app/TeslaSolarCharger.Tests/TeslaSolarCharger.Tests.csproj]
/app/TeslaSolarCharger.Tests/Services/Server/ChargingServiceV2/SetChargingPowerOfOccpConnectorForCarManagedLoadpointTests.cs(171,13): warning CS8625: Cannot convert null literal to non-nullable reference type. [/app/TeslaSolarCharger.Tests/TeslaSolarCharger.Tests.csproj]
/app/TeslaSolarCharger.Tests/Services/Server/ChargingServiceV2/SetChargingPowerOfOccpConnectorForCarManagedLoadpointTests.cs(193,13): warning CS8625: Cannot convert null literal to non-nullable reference type. [/app/TeslaSolarCharger.Tests/TeslaSolarCharger.Tests.csproj]
/app/TeslaSolarCharger.Tests/Services/Server/ChargingServiceV2/SetChargingPowerOfOccpConnectorForCarManagedLoadpointTests.cs(194,13): warning CS8625: Cannot convert null literal to non-nullable reference type. [/app/TeslaSolarCharger.Tests/TeslaSolarCharger.Tests.csproj]
/app/TeslaSolarCharger.Tests/Services/Server/ChargingServiceV2/SetChargingPowerOfOccpConnectorForCarManagedLoadpointTests.cs(217,13): warning CS8625: Cannot convert null literal to non-nullable reference type. [/app/TeslaSolarCharger.Tests/TeslaSolarCharger.Tests.csproj]
/app/TeslaSolarCharger.Tests/Services/Server/ChargingServiceV2/SetChargingPowerOfOccpConnectorForCarManagedLoadpointTests.cs(242,13): warning CS8625: Cannot convert null literal to non-nullable reference type. [/app/TeslaSolarCharger.Tests/TeslaSolarCharger.Tests.csproj]
/app/TeslaSolarCharger.Tests/Services/Server/ChargingServiceV2/SetChargingPowerOfOccpConnectorForCarManagedLoadpointTests.cs(264,13): warning CS8625: Cannot convert null literal to non-nullable reference type. [/app/TeslaSolarCharger.Tests/TeslaSolarCharger.Tests.csproj]
/app/TeslaSolarCharger.Tests/Services/Server/ChargingServiceV2/SetChargingPowerOfOccpConnectorForCarManagedLoadpointTests.cs(288,13): warning CS8625: Cannot convert null literal to non-nullable reference type. [/app/TeslaSolarCharger.Tests/TeslaSolarCharger.Tests.csproj]
/app/TeslaSolarCharger.Tests/Services/Server/ChargingServiceV2/SetChargingPowerOfOccpConnectorForCarManagedLoadpointTests.cs(313,13): warning CS8625: Cannot convert null literal to non-nullable reference type. [/app/TeslaSolarCharger.Tests/TeslaSolarCharger.Tests.csproj]
/app/TeslaSolarCharger.Tests/Services/Server/ChargingServiceV2/SetChargingPowerOfOccpConnectorForCarManagedLoadpointTests.cs(314,13): warning CS8625: Cannot convert null literal to non-nullable reference type. [/app/TeslaSolarCharger.Tests/TeslaSolarCharger.Tests.csproj]
/app/TeslaSolarCharger.Tests/Services/Server/TargetChargingValueCalculationService/IsTimeStampedValueRelevantAndFullFilledTests.cs(30,17): warning CS8625: Cannot convert null literal to non-nullable reference type. [/app/TeslaSolarCharger.Tests/TeslaSolarCharger.Tests.csproj]
/app/TeslaSolarCharger.Tests/Services/Server/TargetChargingValueCalculationService/IsTimeStampedValueRelevantAndFullFilledTests.cs(30,40): warning CS8625: Cannot convert null literal to non-nullable reference type. [/app/TeslaSolarCharger.Tests/TeslaSolarCharger.Tests.csproj]
/app/TeslaSolarCharger.Tests/Services/Server/TargetChargingValueCalculationService/IsTimeStampedValueRelevantAndFullFilledTests.cs(35,17): warning CS8625: Cannot convert null literal to non-nullable reference type. [/app/TeslaSolarCharger.Tests/TeslaSolarCharger.Tests.csproj]
/app/TeslaSolarCharger.Tests/Services/Server/TargetChargingValueCalculationService/IsTimeStampedValueRelevantAndFullFilledTests.cs(42,17): warning CS8625: Cannot convert null literal to non-nullable reference type. [/app/TeslaSolarCharger.Tests/TeslaSolarCharger.Tests.csproj]
/app/TeslaSolarCharger.Tests/Services/Server/TargetChargingValueCalculationService/IsTimeStampedValueRelevantAndFullFilledTests.cs(42,40): warning CS8625: Cannot convert null literal to non-nullable reference type. [/app/TeslaSolarCharger.Tests/TeslaSolarCharger.Tests.csproj]
/app/TeslaSolarCharger.Tests/Services/Server/TargetChargingValueCalculationService/IsTimeStampedValueRelevantAndFullFilledTests.cs(47,17): warning CS8625: Cannot convert null literal to non-nullable reference type. [/app/TeslaSolarCharger.Tests/TeslaSolarCharger.Tests.csproj]
/app/TeslaSolarCharger.Tests/Services/Server/TargetChargingValueCalculationService/IsTimeStampedValueRelevantAndFullFilledTests.cs(62,17): warning CS8625: Cannot convert null literal to non-nullable reference type. [/app/TeslaSolarCharger.Tests/TeslaSolarCharger.Tests.csproj]
/app/TeslaSolarCharger.Tests/Services/Server/TargetChargingValueCalculationService/IsTimeStampedValueRelevantAndFullFilledTests.cs(121,17): warning CS8625: Cannot convert null literal to non-nullable reference type. [/app/TeslaSolarCharger.Tests/TeslaSolarCharger.Tests.csproj]
/app/TeslaSolarCharger.Tests/Services/Server/TargetChargingValueCalculationService/GetTargetValueTests.cs(206,27): warning CS8629: Nullable value type may be null. [/app/TeslaSolarCharger.Tests/TeslaSolarCharger.Tests.csproj]
/app/TeslaSolarCharger.Tests/Helper/NodePatternTypeHelper.cs(16,17): warning xUnit1012: Null should not be used for type parameter 'jsonPattern' of type 'string'. Use a non-null value, or convert the parameter to a nullable type. (https://xunit.net/xunit.analyzers/rules/xUnit1012) [/app/TeslaSolarCharger.Tests/TeslaSolarCharger.Tests.csproj]
/app/TeslaSolarCharger.Tests/Helper/NodePatternTypeHelper.cs(16,23): warning xUnit1012: Null should not be used for type parameter 'xmlPattern' of type 'string'. Use a non-null value, or convert the parameter to a nullable type. (https://xunit.net/xunit.analyzers/rules/xUnit1012) [/app/TeslaSolarCharger.Tests/TeslaSolarCharger.Tests.csproj]
/app/TeslaSolarCharger.Tests/Helper/NodePatternTypeHelper.cs(17,21): warning xUnit1012: Null should not be used for type parameter 'xmlPattern' of type 'string'. Use a non-null value, or convert the parameter to a nullable type. (https://xunit.net/xunit.analyzers/rules/xUnit1012) [/app/TeslaSolarCharger.Tests/TeslaSolarCharger.Tests.csproj]
/app/TeslaSolarCharger.Tests/Helper/NodePatternTypeHelper.cs(18,22): warning xUnit1012: Null should not be used for type parameter 'xmlPattern' of type 'string'. Use a non-null value, or convert the parameter to a nullable type. (https://xunit.net/xunit.analyzers/rules/xUnit1012) [/app/TeslaSolarCharger.Tests/TeslaSolarCharger.Tests.csproj]
/app/TeslaSolarCharger.Tests/Helper/NodePatternTypeHelper.cs(19,17): warning xUnit1012: Null should not be used for type parameter 'jsonPattern' of type 'string'. Use a non-null value, or convert the parameter to a nullable type. (https://xunit.net/xunit.analyzers/rules/xUnit1012) [/app/TeslaSolarCharger.Tests/TeslaSolarCharger.Tests.csproj]
/app/TeslaSolarCharger.Tests/Helper/NodePatternTypeHelper.cs(20,17): warning xUnit1012: Null should not be used for type parameter 'jsonPattern' of type 'string'. Use a non-null value, or convert the parameter to a nullable type. (https://xunit.net/xunit.analyzers/rules/xUnit1012) [/app/TeslaSolarCharger.Tests/TeslaSolarCharger.Tests.csproj]
/app/TeslaSolarCharger.Tests/Helper/NodePatternTypeHelper.cs(30,35): warning xUnit1012: Null should not be used for type parameter 'xmlPattern' of type 'string'. Use a non-null value, or convert the parameter to a nullable type. (https://xunit.net/xunit.analyzers/rules/xUnit1012) [/app/TeslaSolarCharger.Tests/TeslaSolarCharger.Tests.csproj]
/app/TeslaSolarCharger.Tests/Helper/NodePatternTypeHelper.cs(42,17): warning xUnit1012: Null should not be used for type parameter 'jsonPattern' of type 'string'. Use a non-null value, or convert the parameter to a nullable type. (https://xunit.net/xunit.analyzers/rules/xUnit1012) [/app/TeslaSolarCharger.Tests/TeslaSolarCharger.Tests.csproj]
/app/TeslaSolarCharger.Tests/Services/Server/ChargingCostService.cs(46,42): warning xUnit1030: Test methods should not call ConfigureAwait(false), as it may bypass parallelization limits. Omit ConfigureAwait, or use ConfigureAwait(true) to avoid CA2007. (https://xunit.net/xunit.analyzers/rules/xUnit1030) [/app/TeslaSolarCharger.Tests/TeslaSolarCharger.Tests.csproj]
/app/TeslaSolarCharger.Tests/Services/Server/ChargingCostService.cs(48,65): warning xUnit1030: Test methods should not call ConfigureAwait(false), as it may bypass parallelization limits. Omit ConfigureAwait, or use ConfigureAwait(true) to avoid CA2007. (https://xunit.net/xunit.analyzers/rules/xUnit1030) [/app/TeslaSolarCharger.Tests/TeslaSolarCharger.Tests.csproj]
/app/TeslaSolarCharger.Tests/Services/Server/ChargingCostService.cs(85,42): warning xUnit1030: Test methods should not call ConfigureAwait(false), as it may bypass parallelization limits. Omit ConfigureAwait, or use ConfigureAwait(true) to avoid CA2007. (https://xunit.net/xunit.analyzers/rules/xUnit1030) [/app/TeslaSolarCharger.Tests/TeslaSolarCharger.Tests.csproj]
/app/TeslaSolarCharger.Tests/Services/Server/ChargingCostService.cs(128,42): warning xUnit1030: Test methods should not call ConfigureAwait(false), as it may bypass parallelization limits. Omit ConfigureAwait, or use ConfigureAwait(true) to avoid CA2007. (https://xunit.net/xunit.analyzers/rules/xUnit1030) [/app/TeslaSolarCharger.Tests/TeslaSolarCharger.Tests.csproj]
/app/TeslaSolarCharger.Tests/Services/Server/TscOnlyChargingCostServiceTests.cs(23,16): warning xUnit1026: Theory method 'AddSpotPrices_ReturnsCorrectPrices_DependingOnAvailability' on test class 'TscOnlyChargingCostServiceTests' does not use parameter 'description'. Use the parameter, or remove the parameter and associated data. (https://xunit.net/xunit.analyzers/rules/xUnit1026) [/app/TeslaSolarCharger.Tests/TeslaSolarCharger.Tests.csproj]
/app/TeslaSolarCharger.Tests/Services/Server/FixedPriceService.cs(70,9): warning xUnit2031: Do not use a Where clause to filter before calling Assert.Single. Use the overload of Assert.Single that accepts a filtering function. (https://xunit.net/xunit.analyzers/rules/xUnit2031) [/app/TeslaSolarCharger.Tests/TeslaSolarCharger.Tests.csproj]
/app/TeslaSolarCharger.Tests/Services/Server/FixedPriceService.cs(71,9): warning xUnit2031: Do not use a Where clause to filter before calling Assert.Single. Use the overload of Assert.Single that accepts a filtering function. (https://xunit.net/xunit.analyzers/rules/xUnit2031) [/app/TeslaSolarCharger.Tests/TeslaSolarCharger.Tests.csproj]
/app/TeslaSolarCharger.Tests/Services/Server/FixedPriceService.cs(72,9): warning xUnit2031: Do not use a Where clause to filter before calling Assert.Single. Use the overload of Assert.Single that accepts a filtering function. (https://xunit.net/xunit.analyzers/rules/xUnit2031) [/app/TeslaSolarCharger.Tests/TeslaSolarCharger.Tests.csproj]
/app/TeslaSolarCharger.Tests/Services/Server/FixedPriceService.cs(129,9): warning xUnit2031: Do not use a Where clause to filter before calling Assert.Single. Use the overload of Assert.Single that accepts a filtering function. (https://xunit.net/xunit.analyzers/rules/xUnit2031) [/app/TeslaSolarCharger.Tests/TeslaSolarCharger.Tests.csproj]
/app/TeslaSolarCharger.Tests/Services/Server/FixedPriceService.cs(135,9): warning xUnit2031: Do not use a Where clause to filter before calling Assert.Single. Use the overload of Assert.Single that accepts a filtering function. (https://xunit.net/xunit.analyzers/rules/xUnit2031) [/app/TeslaSolarCharger.Tests/TeslaSolarCharger.Tests.csproj]
/app/TeslaSolarCharger.Tests/Services/Server/FixedPriceService.cs(141,9): warning xUnit2031: Do not use a Where clause to filter before calling Assert.Single. Use the overload of Assert.Single that accepts a filtering function. (https://xunit.net/xunit.analyzers/rules/xUnit2031) [/app/TeslaSolarCharger.Tests/TeslaSolarCharger.Tests.csproj]
/app/TeslaSolarCharger.Tests/Services/Server/FixedPriceService.cs(147,9): warning xUnit2031: Do not use a Where clause to filter before calling Assert.Single. Use the overload of Assert.Single that accepts a filtering function. (https://xunit.net/xunit.analyzers/rules/xUnit2031) [/app/TeslaSolarCharger.Tests/TeslaSolarCharger.Tests.csproj]
/app/TeslaSolarCharger.Tests/Services/Server/FixedPriceService.cs(149,9): warning xUnit2031: Do not use a Where clause to filter before calling Assert.Single. Use the overload of Assert.Single that accepts a filtering function. (https://xunit.net/xunit.analyzers/rules/xUnit2031) [/app/TeslaSolarCharger.Tests/TeslaSolarCharger.Tests.csproj]
/app/TeslaSolarCharger.Tests/Services/Server/FixedPriceService.cs(151,9): warning xUnit2031: Do not use a Where clause to filter before calling Assert.Single. Use the overload of Assert.Single that accepts a filtering function. (https://xunit.net/xunit.analyzers/rules/xUnit2031) [/app/TeslaSolarCharger.Tests/TeslaSolarCharger.Tests.csproj]
/app/TeslaSolarCharger.Tests/Services/Server/FixedPriceService.cs(153,9): warning xUnit2031: Do not use a Where clause to filter before calling Assert.Single. Use the overload of Assert.Single that accepts a filtering function. (https://xunit.net/xunit.analyzers/rules/xUnit2031) [/app/TeslaSolarCharger.Tests/TeslaSolarCharger.Tests.csproj]
